ok   q2_0    T=1     0 of 47232 bytes differ
ok   q2_0    T=2     0 of 76032 bytes differ
ok   q2_0    T=7     0 of 220032 bytes differ
ok   q2_0    T=600   0 of 17298432 bytes differ
ok   q2_0    T=2099  0 of 60469632 bytes differ
ok   q2_0    T=4095  0 of 117954432 bytes differ
ok   q2_0    T=4096  0 of 117983232 bytes differ
ok   q2_0    T=4097  0 of 118012032 bytes differ
ok   q8_0    T=1     0 of 47232 bytes differ
ok   q8_0    T=2     0 of 76032 bytes differ
ok   q8_0    T=7     0 of 220032 bytes differ
ok   q8_0    T=600   0 of 17298432 bytes differ
ok   q8_0    T=2099  0 of 60469632 bytes differ
ok   q8_0    T=4095  0 of 117954432 bytes differ
ok   q8_0    T=4096  0 of 117983232 bytes differ
ok   q8_0    T=4097  0 of 118012032 bytes differ
ok   iq2_xs  T=1     0 of 47232 bytes differ
ok   iq2_xs  T=2     0 of 76032 bytes differ
ok   iq2_xs  T=7     0 of 220032 bytes differ
ok   iq2_xs  T=600   0 of 17298432 bytes differ
ok   iq2_xs  T=2099  0 of 60469632 bytes differ
ok   iq2_xs  T=4095  0 of 117954432 bytes differ
ok   iq2_xs  T=4096  0 of 117983232 bytes differ
ok   iq2_xs  T=4097  0 of 118012032 bytes differ
ok   q4_1    T=1     0 of 47232 bytes differ
ok   q4_1    T=2     0 of 76032 bytes differ
ok   q4_1    T=7     0 of 220032 bytes differ
ok   q4_1    T=600   0 of 17298432 bytes differ
ok   q4_1    T=2099  0 of 60469632 bytes differ
ok   q4_1    T=4095  0 of 117954432 bytes differ
ok   q4_1    T=4096  0 of 117983232 bytes differ
ok   q4_1    T=4097  0 of 118012032 bytes differ
ok   q2_K    T=1     0 of 47232 bytes differ
ok   q2_K    T=2     0 of 76032 bytes differ
ok   q2_K    T=7     0 of 220032 bytes differ
ok   q2_K    T=600   0 of 17298432 bytes differ
ok   q2_K    T=2099  0 of 60469632 bytes differ
ok   q2_K    T=4095  0 of 117954432 bytes differ
ok   q2_K    T=4096  0 of 117983232 bytes differ
ok   q2_K    T=4097  0 of 118012032 bytes differ
--bench (median of 20):
  iq2_xs  T=2048 x 10 rows: gather 0.483 ms, scatter 0.168 ms (2.87x)
  iq2_xs  T=4096 x 10 rows: gather 0.960 ms, scatter 0.351 ms (2.74x)
  iq2_xs  T=8192 x 10 rows: gather 1.943 ms, scatter 0.723 ms (2.69x)
  iq2_xs  T=32768 x 10 rows: gather 7.727 ms, scatter 2.917 ms (2.65x)
  q2_0    T=2048 x 10 rows: gather 0.485 ms, scatter 0.168 ms (2.89x)
  q2_0    T=4096 x 10 rows: gather 0.964 ms, scatter 0.351 ms (2.75x)
  q2_0    T=8192 x 10 rows: gather 1.943 ms, scatter 0.724 ms (2.68x)
  q2_0    T=32768 x 10 rows: gather 7.726 ms, scatter 2.918 ms (2.65x)
prefill_mmq_scatter_test: 0 failures
